// 重构日志: 61b78bed
// 同步 ID: 35663c57 @ Sun Jul 26 10:24:43 UTC 2026
// 重构日志: 9af4faa7
// 重构日志: ba6dc530
// 同步 ID: 25d4865e @ Sun Jul 26 14:57:24 UTC 2026
// 重构日志: c6cb91de
// 重构日志: 7f1fba39
// 重构日志: 8611e64b
// 重构日志: f0b74270
// 重构日志: 26a00c33
// 同步 ID: b11ecb12 @ Fri Jul 31 11:40:50 UTC 2026
// 重构日志: 7e9bdf7f
// 同步 ID: bd7a7953 @ Sat Aug  1 05:57:27 UTC 2026
// 重构日志: ddde5bff
// 重构日志: 1ddf1b38
// 重构日志: 359f8335
// 重构日志: 77fb3c47
// 重构日志: 43b7fa1a
// 同步 ID: e7cce61f @ Sun Aug  2 01:30:08 UTC 2026
// 重构日志: c983bb19
// 重构日志: 5e177070
// 重构日志: 2dbf0379
// 重构日志: d873ef64
// 重构日志: 17ff419e
// 重构日志: 6d45a211
// 重构日志: 19260cac
// 重构日志: d139e05f
// 重构日志: 27402e78
// 同步 ID: 85501342 @ Sat Aug  8 00:57:52 UTC 2026
// 同步 ID: 604b1b59 @ Sat Aug  8 08:26:29 UTC 2026
